#
# There is insufficient memory for the Java Runtime Environment to continue.
# Native memory allocation (malloc) failed to allocate 235680 bytes. Error detail: Chunk::new
# Possible reasons:
#   The system is out of physical RAM or swap space
#   This process is running with CompressedOops enabled, and the Java Heap may be blocking the growth of the native heap
# Possible solutions:
#   Reduce memory load on the system
#   Increase physical memory or swap space
#   Check if swap backing store is full
#   Decrease Java heap size (-Xmx/-Xms)
#   Decrease number of Java threads
#   Decrease Java thread stack sizes (-Xss)
#   Set larger code cache with -XX:ReservedCodeCacheSize=
#   JVM is running with Unscaled Compressed Oops mode in which the Java heap is
#     placed in the first 4GB address space. The Java Heap base address is the
#     maximum limit for the native heap growth. Please use -XX:HeapBaseMinAddress
#     to set the Java Heap base and to place the Java Heap above 4GB virtual address.
# This output file may be truncated or incomplete.
#
#  Out of Memory Error (arena.cpp:168), pid=11808, tid=18024
#
# JRE version: OpenJDK Runtime Environment Temurin-21.0.10+7 (21.0.10+7) (build 21.0.10+7-LTS)
# Java VM: OpenJDK 64-Bit Server VM Temurin-21.0.10+7 (21.0.10+7-LTS, mixed mode, sharing, tiered, compressed oops, compressed class ptrs, parallel gc, windows-amd64)
# No core dump will be written. Minidumps are not enabled by default on client versions of Windows
#

---------------  S U M M A R Y ------------

Command Line: --add-modules=ALL-SYSTEM --add-opens=java.base/java.util=ALL-UNNAMED --add-opens=java.base/java.lang=ALL-UNNAMED --add-opens=java.base/sun.nio.fs=ALL-UNNAMED -Declipse.application=org.eclipse.jdt.ls.core.id1 -Dosgi.bundles.defaultStartLevel=4 -Declipse.product=org.eclipse.jdt.ls.core.product -Djava.import.generatesMetadataFilesAtProjectRoot=false -DDetectVMInstallationsJob.disabled=true -Dfile.encoding=utf8 -XX:+UseParallelGC -XX:GCTimeRatio=4 -XX:AdaptiveSizePolicyWeight=90 -Dsun.zip.disableMemoryMapping=true -Xmx2G -Xms100m -Xlog:disable -javaagent:c:\Users\tarte\.vscode\extensions\redhat.java-1.54.0-win32-x64\lombok\lombok-1.18.39-4050.jar c:\Users\tarte\.vscode\extensions\redhat.java-1.54.0-win32-x64\server\plugins\org.eclipse.equinox.launcher_1.7.100.v20251111-0406.jar -configuration c:\Users\tarte\AppData\Roaming\Code\User\globalStorage\redhat.java\1.54.0\config_ss_win -data c:\Users\tarte\AppData\Roaming\Code\User\workspaceStorage\82c2c50380e0da7712145e43f242e1f7\redhat.java\ss_ws --pipe=\\.\pipe\lsp-e235d66e2e4d254eac2f4dae0f2f1af0-sock

Host: AMD Ryzen 5 4500U with Radeon Graphics         , 6 cores, 7G,  Windows 11 , 64 bit Build 26100 (10.0.26100.8115)
Time: Wed Apr 22 11:00:26 2026 India Standard Time elapsed time: 13.054459 seconds (0d 0h 0m 13s)

---------------  T H R E A D  ---------------

Current thread (0x00000212205166a0):  JavaThread "C2 CompilerThread0" daemon [_thread_in_native, id=18024, stack(0x00000079b9900000,0x00000079b9a00000) (1024K)]


Current CompileTask:
C2:13054 1909       4       java.util.StringTokenizer::nextToken (92 bytes)

Stack: [0x00000079b9900000,0x00000079b9a00000]
Native frames: (J=compiled Java code, j=interpreted, Vv=VM code, C=native code)
V  [jvm.dll+0x6d7a39]
V  [jvm.dll+0x8b4b26]
V  [jvm.dll+0x8b70de]
V  [jvm.dll+0x8b77c3]
V  [jvm.dll+0x284346]
V  [jvm.dll+0xc66ed]
V  [jvm.dll+0xc6c31]
V  [jvm.dll+0x3bec3b]
V  [jvm.dll+0x38b162]
V  [jvm.dll+0x38a5aa]
V  [jvm.dll+0x24c560]
V  [jvm.dll+0x24bb40]
V  [jvm.dll+0x1cb34e]
V  [jvm.dll+0x25b85d]
V  [jvm.dll+0x259dea]
V  [jvm.dll+0x3f857e]
V  [jvm.dll+0x85f59d]
V  [jvm.dll+0x6d626d]
C  [ucrtbase.dll+0x37b0]
C  [KERNEL32.DLL+0x2e8d7]
C  [ntdll.dll+0x8c3fc]


---------------  P R O C E S S  ---------------

Threads class SMR info:
_java_thread_list=0x0000021279be9ef0, length=14, elements={
0x00000212205cb050, 0x000002122068b5b0, 0x000002122068c570, 0x0000021220505990,
0x000002122050a020, 0x000002122050bbf0, 0x000002122050c430, 0x00000212205166a0,
0x0000021220516e00, 0x000002127940d230, 0x00000212794de8b0, 0x0000021279ba8810,
0x000002127958f130, 0x0000021279591200
}

Java Threads: ( => current thread )
  0x00000212205cb050 JavaThread "main"                              [_thread_in_native, id=14240, stack(0x00000079b8f00000,0x00000079b9000000) (1024K)]
  0x000002122068b5b0 JavaThread "Reference Handler"          daemon [_thread_blocked, id=18476, stack(0x00000079b9300000,0x00000079b9400000) (1024K)]
  0x000002122068c570 JavaThread "Finalizer"                  daemon [_thread_blocked, id=26028, stack(0x00000079b9400000,0x00000079b9500000) (1024K)]
  0x0000021220505990 JavaThread "Signal Dispatcher"          daemon [_thread_blocked, id=23668, stack(0x00000079b9500000,0x00000079b9600000) (1024K)]
  0x000002122050a020 JavaThread "Attach Listener"            daemon [_thread_blocked, id=26248, stack(0x00000079b9600000,0x00000079b9700000) (1024K)]
  0x000002122050bbf0 JavaThread "Service Thread"             daemon [_thread_blocked, id=29724, stack(0x00000079b9700000,0x00000079b9800000) (1024K)]
  0x000002122050c430 JavaThread "Monitor Deflation Thread"   daemon [_thread_blocked, id=14464, stack(0x00000079b9800000,0x00000079b9900000) (1024K)]
=>0x00000212205166a0 JavaThread "C2 CompilerThread0"         daemon [_thread_in_native, id=18024, stack(0x00000079b9900000,0x00000079b9a00000) (1024K)]
  0x0000021220516e00 JavaThread "C1 CompilerThread0"         daemon [_thread_blocked, id=12508, stack(0x00000079b9a00000,0x00000079b9b00000) (1024K)]
  0x000002127940d230 JavaThread "Common-Cleaner"             daemon [_thread_blocked, id=16460, stack(0x00000079b9b00000,0x00000079b9c00000) (1024K)]
  0x00000212794de8b0 JavaThread "Notification Thread"        daemon [_thread_blocked, id=27084, stack(0x00000079b9c00000,0x00000079b9d00000) (1024K)]
  0x0000021279ba8810 JavaThread "Active Thread: Equinox Container: e5576c6d-e517-426b-81ef-5dbfafa371d3"        [_thread_blocked, id=29220, stack(0x00000079ba800000,0x00000079ba900000) (1024K)]
  0x000002127958f130 JavaThread "Framework Event Dispatcher: Equinox Container: e5576c6d-e517-426b-81ef-5dbfafa371d3" daemon [_thread_blocked, id=28032, stack(0x00000079ba900000,0x00000079baa00000) (1024K)]
  0x0000021279591200 JavaThread "Start Level: Equinox Container: e5576c6d-e517-426b-81ef-5dbfafa371d3" daemon [_thread_blocked, id=7016, stack(0x00000079baa00000,0x00000079bab00000) (1024K)]
Total: 14

Other Threads:
  0x0000021220500150 VMThread "VM Thread"                           [id=14328, stack(0x00000079b9200000,0x00000079b9300000) (1024K)]
  0x000002122045ca00 WatcherThread "VM Periodic Task Thread"        [id=19448, stack(0x00000079b9100000,0x00000079b9200000) (1024K)]
  0x00000212205e9e30 WorkerThread "GC Thread#0"                     [id=28268, stack(0x00000079b9000000,0x00000079b9100000) (1024K)]
  0x0000021279bcd3d0 WorkerThread "GC Thread#1"                     [id=25932, stack(0x00000079b9d00000,0x00000079b9e00000) (1024K)]
  0x0000021279c15ba0 WorkerThread "GC Thread#2"                     [id=19648, stack(0x00000079b9e00000,0x00000079b9f00000) (1024K)]
  0x0000021279ae4af0 WorkerThread "GC Thread#3"                     [id=20600, stack(0x00000079b9f00000,0x00000079ba000000) (1024K)]
  0x0000021279ae4ea0 WorkerThread "GC Thread#4"                     [id=7184, stack(0x00000079ba000000,0x00000079ba100000) (1024K)]
  0x0000021279ca7530 WorkerThread "GC Thread#5"                     [id=15404, stack(0x00000079ba100000,0x00000079ba200000) (1024K)]
Total: 8

Threads with active compile tasks:
C2 CompilerThread0  13088 1909       4       java.util.StringTokenizer::nextToken (92 bytes)
Total: 1

VM state: not at safepoint (normal execution)

VM Mutex/Monitor currently owned by a thread: None

Heap address: 0x0000000080000000, size: 2048 MB, Compressed Oops mode: 32-bit

CDS archive(s) mapped at: [0x0000021237000000-0x0000021237ba0000-0x0000021237ba0000), size 12189696, SharedBaseAddress: 0x0000021237000000, ArchiveRelocationMode: 1.
Compressed class space mapped at: 0x0000021238000000-0x0000021278000000, reserved size: 1073741824
Narrow klass base: 0x0000021237000000, Narrow klass shift: 0, Narrow klass range: 0x100000000

GC Precious Log:
 CardTable entry size: 512
 CPUs: 6 total, 6 available
 Memory: 7541M
 Large Page Support: Disabled
 NUMA Support: Disabled
 Compressed Oops: Enabled (32-bit)
 Alignments: Space 512K, Generation 512K, Heap 2M
 Heap Min Capacity: 100M
 Heap Initial Capacity: 100M
 Heap Max Capacity: 2G
 Pre-touch: Disabled
 Parallel Workers: 6

Heap:
 PSYoungGen      total 29696K, used 16450K [0x00000000d5580000, 0x00000000d7680000, 0x0000000100000000)
  eden space 25600K, 48% used [0x00000000d5580000,0x00000000d6197fb0,0x00000000d6e80000)
  from space 4096K, 99% used [0x00000000d7280000,0x00000000d7678b90,0x00000000d7680000)
  to   space 4096K, 0% used [0x00000000d6e80000,0x00000000d6e80000,0x00000000d7280000)
 ParOldGen       total 68608K, used 310K [0x0000000080000000, 0x0000000084300000, 0x00000000d5580000)
  object space 68608K, 0% used [0x0000000080000000,0x000000008004d810,0x0000000084300000)
 Metaspace       used 8525K, committed 8768K, reserved 1114112K
  class space    used 889K, committed 1024K, reserved 1048576K

Card table byte_map: [0x000002121ff70000,0x0000021220380000] _byte_map_base: 0x000002121fb70000

Marking Bits: (ParMarkBitMap*) 0x00007ffd9f963450
 Begin Bits: [0x0000021232a80000, 0x0000021234a80000)
 End Bits:   [0x0000021234a80000, 0x0000021236a80000)

Polling page: 0x000002121e360000

Metaspace:

Usage:
  Non-class:      7.46 MB used.
      Class:    889.56 KB used.
       Both:      8.33 MB used.

Virtual space:
  Non-class space:       64.00 MB reserved,       7.56 MB ( 12%) committed,  1 nodes.
      Class space:        1.00 GB reserved,       1.00 MB ( <1%) committed,  1 nodes.
             Both:        1.06 GB reserved,       8.56 MB ( <1%) committed. 

Chunk freelists:
   Non-Class:  8.00 MB
       Class:  14.88 MB
        Both:  22.88 MB

MaxMetaspaceSize: unlimited
CompressedClassSpaceSize: 1.00 GB
Initial GC threshold: 21.00 MB
Current GC threshold: 21.00 MB
CDS: on
 - commit_granule_bytes: 65536.
 - commit_granule_words: 8192.
 - virtual_space_node_default_size: 8388608.
 - enlarge_chunks_in_place: 1.
 - use_allocation_guard: 0.


Internal statistics:

num_allocs_failed_limit: 0.
num_arena_births: 224.
num_arena_deaths: 0.
num_vsnodes_births: 2.
num_vsnodes_deaths: 0.
num_space_committed: 137.
num_space_uncommitted: 0.
num_chunks_returned_to_freelist: 0.
num_chunks_taken_from_freelist: 427.
num_chunk_merges: 0.
num_chunk_splits: 276.
num_chunks_enlarged: 187.
num_inconsistent_stats: 0.

CodeHeap 'non-profiled nmethods': size=120000Kb used=833Kb max_used=833Kb free=119166Kb
 bounds [0x000002122b2a0000, 0x000002122b510000, 0x00000212327d0000]
CodeHeap 'profiled nmethods': size=120000Kb used=3684Kb max_used=3684Kb free=116315Kb
 bounds [0x00000212237d0000, 0x0000021223b70000, 0x000002122ad00000]
CodeHeap 'non-nmethods': size=5760Kb used=1211Kb max_used=1237Kb free=4548Kb
 bounds [0x000002122ad00000, 0x000002122af70000, 0x000002122b2a0000]
CodeCache: size=245760Kb, used=5728Kb, max_used=5754Kb, free=240029Kb
 total_blobs=2399, nmethods=1923, adapters=383, full_count=0
Compilation: enabled, stopped_count=0, restarted_count=0

Compilation events (20 events):
Event: 13.028 Thread 0x00000212205166a0 nmethod 1898 0x000002122b36f010 code [0x000002122b36f1e0, 0x000002122b36f760]
Event: 13.029 Thread 0x0000021220516e00 1902       1       org.eclipse.osgi.internal.framework.EquinoxBundle::getModule (5 bytes)
Event: 13.029 Thread 0x0000021220516e00 nmethod 1902 0x000002122b36fb10 code [0x000002122b36fca0, 0x000002122b36fd68]
Event: 13.030 Thread 0x0000021220516e00 1903       3       java.lang.Math::abs (13 bytes)
Event: 13.030 Thread 0x0000021220516e00 nmethod 1903 0x0000021223b59a90 code [0x0000021223b59c40, 0x0000021223b59da8]
Event: 13.033 Thread 0x00000212205166a0 1904   !   4       jdk.internal.misc.Blocker::begin (97 bytes)
Event: 13.033 Thread 0x0000021220516e00 1906       3       java.lang.StringBuilder::insert (9 bytes)
Event: 13.033 Thread 0x0000021220516e00 nmethod 1906 0x0000021223b59e10 code [0x0000021223b59fc0, 0x0000021223b5a110]
Event: 13.033 Thread 0x0000021220516e00 1907       3       java.lang.AbstractStringBuilder::insert (54 bytes)
Event: 13.034 Thread 0x00000212205166a0 nmethod 1904 0x000002122b36fe10 code [0x000002122b36ffa0, 0x000002122b370068]
Event: 13.034 Thread 0x00000212205166a0 1905       4       jdk.internal.misc.Blocker::end (71 bytes)
Event: 13.034 Thread 0x0000021220516e00 nmethod 1907 0x0000021223b5a190 code [0x0000021223b5a3e0, 0x0000021223b5aa88]
Event: 13.034 Thread 0x0000021220516e00 1908       3       org.eclipse.osgi.internal.framework.FilterImpl$Parser::parse_filter (125 bytes)
Event: 13.034 Thread 0x00000212205166a0 nmethod 1905 0x000002122b370190 code [0x000002122b370320, 0x000002122b3703b8]
Event: 13.035 Thread 0x0000021220516e00 nmethod 1908 0x0000021223b5ad90 code [0x0000021223b5b040, 0x0000021223b5ba28]
Event: 13.040 Thread 0x00000212205166a0 1909       4       java.util.StringTokenizer::nextToken (92 bytes)
Event: 13.040 Thread 0x0000021220516e00 1911       3       java.util.Collections$EmptyList::iterator (4 bytes)
Event: 13.040 Thread 0x0000021220516e00 nmethod 1911 0x0000021223b5bf10 code [0x0000021223b5c0c0, 0x0000021223b5c230]
Event: 13.046 Thread 0x0000021220516e00 1912       3       org.osgi.framework.Version::compareTo (67 bytes)
Event: 13.047 Thread 0x0000021220516e00 nmethod 1912 0x0000021223b5c310 code [0x0000021223b5c4e0, 0x0000021223b5c7b0]

GC Heap History (4 events):
Event: 2.434 GC heap before
{Heap before GC invocations=1 (full 0):
 PSYoungGen      total 29696K, used 25600K [0x00000000d5580000, 0x00000000d7680000, 0x0000000100000000)
  eden space 25600K, 100% used [0x00000000d5580000,0x00000000d6e80000,0x00000000d6e80000)
  from space 4096K, 0% used [0x00000000d7280000,0x00000000d7280000,0x00000000d7680000)
  to   space 4096K, 0% used [0x00000000d6e80000,0x00000000d6e80000,0x00000000d7280000)
 ParOldGen       total 68608K, used 0K [0x0000000080000000, 0x0000000084300000, 0x00000000d5580000)
  object space 68608K, 0% used [0x0000000080000000,0x0000000080000000,0x0000000084300000)
 Metaspace       used 4507K, committed 4736K, reserved 1114112K
  class space    used 492K, committed 576K, reserved 1048576K
}
Event: 2.446 GC heap after
{Heap after GC invocations=1 (full 0):
 PSYoungGen      total 29696K, used 3287K [0x00000000d5580000, 0x00000000d7680000, 0x0000000100000000)
  eden space 25600K, 0% used [0x00000000d5580000,0x00000000d5580000,0x00000000d6e80000)
  from space 4096K, 80% used [0x00000000d6e80000,0x00000000d71b5ea8,0x00000000d7280000)
  to   space 4096K, 0% used [0x00000000d7280000,0x00000000d7280000,0x00000000d7680000)
 ParOldGen       total 68608K, used 16K [0x0000000080000000, 0x0000000084300000, 0x00000000d5580000)
  object space 68608K, 0% used [0x0000000080000000,0x0000000080004000,0x0000000084300000)
 Metaspace       used 4507K, committed 4736K, reserved 1114112K
  class space    used 492K, committed 576K, reserved 1048576K
}
Event: 11.820 GC heap before
{Heap before GC invocations=2 (full 0):
 PSYoungGen      total 29696K, used 28887K [0x00000000d5580000, 0x00000000d7680000, 0x0000000100000000)
  eden space 25600K, 100% used [0x00000000d5580000,0x00000000d6e80000,0x00000000d6e80000)
  from space 4096K, 80% used [0x00000000d6e80000,0x00000000d71b5ea8,0x00000000d7280000)
  to   space 4096K, 0% used [0x00000000d7280000,0x00000000d7280000,0x00000000d7680000)
 ParOldGen       total 68608K, used 16K [0x0000000080000000, 0x0000000084300000, 0x00000000d5580000)
  object space 68608K, 0% used [0x0000000080000000,0x0000000080004000,0x0000000084300000)
 Metaspace       used 8370K, committed 8640K, reserved 1114112K
  class space    used 889K, committed 1024K, reserved 1048576K
}
Event: 11.829 GC heap after
{Heap after GC invocations=2 (full 0):
 PSYoungGen      total 29696K, used 4066K [0x00000000d5580000, 0x00000000d7680000, 0x0000000100000000)
  eden space 25600K, 0% used [0x00000000d5580000,0x00000000d5580000,0x00000000d6e80000)
  from space 4096K, 99% used [0x00000000d7280000,0x00000000d7678b90,0x00000000d7680000)
  to   space 4096K, 0% used [0x00000000d6e80000,0x00000000d6e80000,0x00000000d7280000)
 ParOldGen       total 68608K, used 310K [0x0000000080000000, 0x0000000084300000, 0x00000000d5580000)
  object space 68608K, 0% used [0x0000000080000000,0x000000008004d810,0x0000000084300000)
 Metaspace       used 8370K, committed 8640K, reserved 1114112K
  class space    used 889K, committed 1024K, reserved 1048576K
}

Dll operation events (8 events):
Event: 0.373 Loaded shared library c:\Users\tarte\.vscode\extensions\redhat.java-1.54.0-win32-x64\jre\21.0.10-win32-x86_64\bin\java.dll
Event: 0.617 Loaded shared library c:\Users\tarte\.vscode\extensions\redhat.java-1.54.0-win32-x64\jre\21.0.10-win32-x86_64\bin\zip.dll
Event: 0.648 Loaded shared library C:\Users\tarte\.vscode\extensions\redhat.java-1.54.0-win32-x64\jre\21.0.10-win32-x86_64\bin\instrument.dll
Event: 0.737 Loaded shared library C:\Users\tarte\.vscode\extensions\redhat.java-1.54.0-win32-x64\jre\21.0.10-win32-x86_64\bin\net.dll
Event: 0.814 Loaded shared library C:\Users\tarte\.vscode\extensions\redhat.java-1.54.0-win32-x64\jre\21.0.10-win32-x86_64\bin\nio.dll
Event: 0.818 Loaded shared library C:\Users\tarte\.vscode\extensions\redhat.java-1.54.0-win32-x64\jre\21.0.10-win32-x86_64\bin\zip.dll
Event: 0.850 Loaded shared library C:\Users\tarte\.vscode\extensions\redhat.java-1.54.0-win32-x64\jre\21.0.10-win32-x86_64\bin\jimage.dll
Event: 1.152 Loaded shared library c:\Users\tarte\.vscode\extensions\redhat.java-1.54.0-win32-x64\jre\21.0.10-win32-x86_64\bin\verify.dll

Deoptimization events (20 events):
Event: 3.105 Thread 0x00000212205cb050 DEOPT PACKING pc=0x000002122b2cf5b8 sp=0x00000079b8ffe490
Event: 3.105 Thread 0x00000212205cb050 DEOPT UNPACKING pc=0x000002122ad53aa2 sp=0x00000079b8ffe420 mode 2
Event: 3.107 Thread 0x00000212205cb050 Uncommon trap: trap_request=0xffffffde fr.pc=0x000002122b2cf5b8 relative=0x0000000000000478
Event: 3.107 Thread 0x00000212205cb050 Uncommon trap: reason=class_check action=maybe_recompile pc=0x000002122b2cf5b8 method=java.util.HashMap.putVal(ILjava/lang/Object;Ljava/lang/Object;ZZ)Ljava/lang/Object; @ 253 c2
Event: 3.107 Thread 0x00000212205cb050 DEOPT PACKING pc=0x000002122b2cf5b8 sp=0x00000079b8ffe490
Event: 3.108 Thread 0x00000212205cb050 DEOPT UNPACKING pc=0x000002122ad53aa2 sp=0x00000079b8ffe420 mode 2
Event: 4.714 Thread 0x00000212205cb050 DEOPT PACKING pc=0x000002122397d6c3 sp=0x00000079b8ffea00
Event: 4.714 Thread 0x00000212205cb050 DEOPT UNPACKING pc=0x000002122ad54242 sp=0x00000079b8ffdea0 mode 0
Event: 11.999 Thread 0x00000212205cb050 DEOPT PACKING pc=0x00000212239c091b sp=0x00000079b8ffe910
Event: 11.999 Thread 0x00000212205cb050 DEOPT UNPACKING pc=0x000002122ad54242 sp=0x00000079b8ffde18 mode 0
Event: 12.221 Thread 0x00000212205cb050 Uncommon trap: trap_request=0xffffff45 fr.pc=0x000002122b3515c0 relative=0x00000000000008e0
Event: 12.221 Thread 0x00000212205cb050 Uncommon trap: reason=unstable_if action=reinterpret pc=0x000002122b3515c0 method=java.util.HashMap.putVal(ILjava/lang/Object;Ljava/lang/Object;ZZ)Ljava/lang/Object; @ 81 c2
Event: 12.221 Thread 0x00000212205cb050 DEOPT PACKING pc=0x000002122b3515c0 sp=0x00000079b8ffe900
Event: 12.221 Thread 0x00000212205cb050 DEOPT UNPACKING pc=0x000002122ad53aa2 sp=0x00000079b8ffe810 mode 2
Event: 12.596 Thread 0x00000212205cb050 DEOPT PACKING pc=0x0000021223af5775 sp=0x00000079b8ffe910
Event: 12.596 Thread 0x00000212205cb050 DEOPT UNPACKING pc=0x000002122ad54242 sp=0x00000079b8ffddf0 mode 0
Event: 12.945 Thread 0x00000212797e5720 Uncommon trap: trap_request=0xffffff45 fr.pc=0x000002122b2f39f8 relative=0x0000000000000198
Event: 12.945 Thread 0x00000212797e5720 Uncommon trap: reason=unstable_if action=reinterpret pc=0x000002122b2f39f8 method=java.lang.invoke.VarHandle.checkAccessModeThenIsDirect(Ljava/lang/invoke/VarHandle$AccessDescriptor;)Z @ 4 c2
Event: 12.945 Thread 0x00000212797e5720 DEOPT PACKING pc=0x000002122b2f39f8 sp=0x00000079ba3ff1f0
Event: 12.945 Thread 0x00000212797e5720 DEOPT UNPACKING pc=0x000002122ad53aa2 sp=0x00000079ba3ff148 mode 2

Classes loaded (20 events):
Event: 3.120 Loading class java/net/ContentHandler
Event: 3.120 Loading class java/net/ContentHandler done
Event: 3.121 Loading class java/net/UrlDeserializedState
Event: 3.121 Loading class java/net/UrlDeserializedState done
Event: 3.121 Loading class java/lang/reflect/InaccessibleObjectException
Event: 3.121 Loading class java/lang/reflect/InaccessibleObjectException done
Event: 3.124 Loading class java/lang/StackWalker$Option
Event: 3.125 Loading class java/lang/StackWalker$Option done
Event: 3.171 Loading class javax/xml/parsers/ParserConfigurationException
Event: 3.171 Loading class javax/xml/parsers/ParserConfigurationException done
Event: 3.176 Loading class java/security/KeyStoreException
Event: 3.176 Loading class java/security/KeyStoreException done
Event: 3.180 Loading class java/lang/Thread$Builder$OfPlatform
Event: 3.181 Loading class java/lang/Thread$Builder
Event: 3.181 Loading class java/lang/Thread$Builder done
Event: 3.181 Loading class java/lang/Thread$Builder$OfPlatform done
Event: 3.181 Loading class java/lang/Thread$Builder$OfVirtual
Event: 3.181 Loading class java/lang/Thread$Builder$OfVirtual done
Event: 11.700 Loading class java/util/MissingResourceException
Event: 11.701 Loading class java/util/MissingResourceException done

Classes unloaded (0 events):
No events

Classes redefined (0 events):
No events

Internal exceptions (20 events):
Event: 2.217 Thread 0x00000212205cb050 Exception <a 'sun/nio/fs/WindowsException'{0x00000000d6643140}> (0x00000000d6643140) 
thrown [s\src\hotspot\share\prims\jni.cpp, line 520]
Event: 2.365 Thread 0x00000212205cb050 Exception <a 'java/lang/NoSuchMethodError'{0x00000000d6aaad20}: 'java.lang.ClassLoader java.lang.ClassLoader.getPlatformClassLoader(java.lang.Class)'> (0x00000000d6aaad20) 
thrown [s\src\hotspot\share\interpreter\linkResolver.cpp, line 773]
Event: 2.458 Thread 0x00000212205cb050 Exception <a 'java/lang/ClassNotFoundException'{0x00000000d55caa80}: sun/net/www/protocol/c/Handler> (0x00000000d55caa80) 
thrown [s\src\hotspot\share\classfile\systemDictionary.cpp, line 312]
Event: 2.459 Thread 0x00000212205cb050 Exception <a 'java/lang/ClassNotFoundException'{0x00000000d55cbe38}: sun/net/www/protocol/d/Handler> (0x00000000d55cbe38) 
thrown [s\src\hotspot\share\classfile\systemDictionary.cpp, line 312]
Event: 2.459 Thread 0x00000212205cb050 Exception <a 'java/lang/ClassNotFoundException'{0x00000000d55cd048}: sun/net/www/protocol/c/Handler> (0x00000000d55cd048) 
thrown [s\src\hotspot\share\classfile\systemDictionary.cpp, line 312]
Event: 2.469 Thread 0x00000212205cb050 Exception <a 'java/io/FileNotFoundException'{0x00000000d55f53f0}> (0x00000000d55f53f0) 
thrown [s\src\hotspot\share\prims\jni.cpp, line 520]
Event: 2.514 Thread 0x00000212205cb050 Implicit null exception at 0x000002122b304329 to 0x000002122b304b9c
Event: 2.514 Thread 0x00000212205cb050 Implicit null exception at 0x000002122b309d1a to 0x000002122b309f24
Event: 2.514 Thread 0x00000212205cb050 Exception <a 'java/lang/NoSuchMethodError'{0x00000000d5725468}: 'void java.lang.invoke.DirectMethodHandle$Holder.invokeStatic(java.lang.Object, java.lang.Object, java.lang.Object, java.lang.Object)'> (0x00000000d5725468) 
thrown [s\src\hotspot\share\interpreter\linkResolver.cpp, line 773]
Event: 2.515 Thread 0x00000212205cb050 Implicit null exception at 0x000002122b307f3d to 0x000002122b307fc1
Event: 2.638 Thread 0x00000212205cb050 Exception <a 'java/lang/NoSuchMethodError'{0x00000000d5b63180}: 'int java.lang.invoke.DirectMethodHandle$Holder.invokeVirtual(java.lang.Object, java.lang.Object)'> (0x00000000d5b63180) 
thrown [s\src\hotspot\share\interpreter\linkResolver.cpp, line 773]
Event: 2.967 Thread 0x00000212205cb050 Exception <a 'java/lang/IncompatibleClassChangeError'{0x00000000d652e8e8}: Found class java.lang.Object, but interface was expected> (0x00000000d652e8e8) 
thrown [s\src\hotspot\share\interpreter\linkResolver.cpp, line 840]
Event: 2.969 Thread 0x00000212205cb050 Exception <a 'java/lang/NoSuchMethodError'{0x00000000d6537388}: 'void java.lang.invoke.DirectMethodHandle$Holder.invokeInterface(java.lang.Object, java.lang.Object, java.lang.Object)'> (0x00000000d6537388) 
thrown [s\src\hotspot\share\interpreter\linkResolver.cpp, line 773]
Event: 3.013 Thread 0x00000212205cb050 Exception <a 'java/lang/NoSuchMethodError'{0x00000000d67aa1e0}: 'int java.lang.invoke.DirectMethodHandle$Holder.invokeStaticInit(java.lang.Object, java.lang.Object, java.lang.Object, java.lang.Object)'> (0x00000000d67aa1e0) 
thrown [s\src\hotspot\share\interpreter\linkResolver.cpp, line 773]
Event: 3.014 Thread 0x00000212205cb050 Exception <a 'java/lang/NoSuchMethodError'{0x00000000d67b47b0}: 'void java.lang.invoke.DirectMethodHandle$Holder.invokeStaticInit(java.lang.Object, java.lang.Object)'> (0x00000000d67b47b0) 
thrown [s\src\hotspot\share\interpreter\linkResolver.cpp, line 773]
Event: 3.015 Thread 0x00000212205cb050 Exception <a 'java/lang/NoSuchMethodError'{0x00000000d67b9cb0}: 'int java.lang.invoke.DirectMethodHandle$Holder.invokeStaticInit(java.lang.Object, java.lang.Object)'> (0x00000000d67b9cb0) 
thrown [s\src\hotspot\share\interpreter\linkResolver.cpp, line 773]
Event: 3.061 Thread 0x00000212205cb050 Exception <a 'java/lang/NoSuchMethodError'{0x00000000d69a2100}: 'java.lang.Object java.lang.invoke.DirectMethodHandle$Holder.newInvokeSpecial(java.lang.Object, int, java.lang.Object)'> (0x00000000d69a2100) 
thrown [s\src\hotspot\share\interpreter\linkResolver.cpp, line 773]
Event: 3.128 Thread 0x00000212205cb050 Exception <a 'java/lang/ClassNotFoundException'{0x00000000d6b1e460}: sun/net/www/protocol/plurl/Handler> (0x00000000d6b1e460) 
thrown [s\src\hotspot\share\classfile\systemDictionary.cpp, line 312]
Event: 3.128 Thread 0x00000212205cb050 Exception <a 'java/lang/ClassNotFoundException'{0x00000000d6b1f2e0}: sun/net/www/protocol/plurl/Handler> (0x00000000d6b1f2e0) 
thrown [s\src\hotspot\share\classfile\systemDictionary.cpp, line 312]
Event: 3.138 Thread 0x00000212205cb050 Exception <a 'java/lang/NoSuchMethodError'{0x00000000d6b5f0f8}: 'void java.lang.invoke.DirectMethodHandle$Holder.invokeSpecial(java.lang.Object, java.lang.Object, java.lang.Object)'> (0x00000000d6b5f0f8) 
thrown [s\src\hotspot\share\interpreter\linkResolver.cpp, line 773]

ZGC Phase Switch (0 events):
No events

VM Operations (20 events):
Event: 0.871 Executing non-safepoint VM operation: HandshakeAllThreads (Deoptimize)
Event: 0.871 Executing non-safepoint VM operation: HandshakeAllThreads (Deoptimize) done
Event: 1.871 Executing safepoint VM operation: Cleanup
Event: 1.876 Executing safepoint VM operation: Cleanup done
Event: 1.893 Executing non-safepoint VM operation: HandshakeAllThreads (Deoptimize)
Event: 1.893 Executing non-safepoint VM operation: HandshakeAllThreads (Deoptimize) done
Event: 1.917 Executing non-safepoint VM operation: HandshakeAllThreads (Deoptimize)
Event: 1.917 Executing non-safepoint VM operation: HandshakeAllThreads (Deoptimize) done
Event: 2.434 Executing safepoint VM operation: ParallelGCFailedAllocation (Allocation Failure)
Event: 2.446 Executing safepoint VM operation: ParallelGCFailedAllocation (Allocation Failure) done
Event: 3.038 Executing non-safepoint VM operation: HandshakeAllThreads (Deoptimize)
Event: 3.039 Executing non-safepoint VM operation: HandshakeAllThreads (Deoptimize) done
Event: 3.123 Executing non-safepoint VM operation: HandshakeAllThreads (Deoptimize)
Event: 3.123 Executing non-safepoint VM operation: HandshakeAllThreads (Deoptimize) done
Event: 4.135 Executing safepoint VM operation: Cleanup
Event: 4.135 Executing safepoint VM operation: Cleanup done
Event: 11.820 Executing safepoint VM operation: ParallelGCFailedAllocation (Allocation Failure)
Event: 11.829 Executing safepoint VM operation: ParallelGCFailedAllocation (Allocation Failure) done
Event: 12.835 Executing safepoint VM operation: Cleanup
Event: 12.835 Executing safepoint VM operation: Cleanup done

Memory protections (0 events):
No events

Nmethod flushes (0 events):
No events

Events (20 events):
Event: 1.519 Thread 0x00000212205cb050 Thread added: 0x00000212794de8b0
Event: 1.533 Thread 0x0000021220516e00 Thread added: 0x00000212795185e0
Event: 2.234 Thread 0x00000212795185e0 Thread exited: 0x00000212795185e0
Event: 2.931 Thread 0x00000212205cb050 Thread added: 0x00000212797e50b0
Event: 2.936 Thread 0x00000212797e50b0 Thread added: 0x00000212797e5720
Event: 2.944 Thread 0x00000212205cb050 Thread added: 0x00000212797e5d90
Event: 2.947 Thread 0x00000212205cb050 Thread added: 0x0000021279bd9aa0
Event: 2.950 Thread 0x00000212205cb050 Thread added: 0x0000021279bda110
Event: 2.956 Thread 0x00000212205cb050 Thread added: 0x0000021279819b50
Event: 3.026 Thread 0x00000212205cb050 Thread added: 0x0000021279ba8810
Event: 11.699 Thread 0x00000212205cb050 Thread added: 0x000002127958f130
Event: 11.702 Thread 0x00000212205cb050 Thread added: 0x0000021279591200
Event: 11.928 Thread 0x0000021220516e00 Thread added: 0x0000021279bb3390
Event: 12.153 Thread 0x0000021279bb3390 Thread exited: 0x0000021279bb3390
Event: 12.946 Thread 0x00000212797e5720 Thread exited: 0x00000212797e5720
Event: 12.947 Thread 0x00000212797e5d90 Thread exited: 0x00000212797e5d90
Event: 12.947 Thread 0x00000212797e50b0 Thread exited: 0x00000212797e50b0
Event: 12.961 Thread 0x0000021279bd9aa0 Thread exited: 0x0000021279bd9aa0
Event: 12.969 Thread 0x0000021279bda110 Thread exited: 0x0000021279bda110
Event: 12.969 Thread 0x0000021279819b50 Thread exited: 0x0000021279819b50


Dynamic libraries:
0x00007ff699b00000 - 0x00007ff699b0e000 	c:\Users\tarte\.vscode\extensions\redhat.java-1.54.0-win32-x64\jre\21.0.10-win32-x86_64\bin\java.exe
0x00007ffe199c0000 - 0x00007ffe19c27000 	C:\WINDOWS\SYSTEM32\ntdll.dll
0x00007ffe17c00000 - 0x00007ffe17cc9000 	C:\WINDOWS\System32\KERNEL32.DLL
0x00007ffe171d0000 - 0x00007ffe175c4000 	C:\WINDOWS\System32\KERNELBASE.dll
0x00007ffe17080000 - 0x00007ffe171cb000 	C:\WINDOWS\System32\ucrtbase.dll
0x00007ffdc5db0000 - 0x00007ffdc5dce000 	c:\Users\tarte\.vscode\extensions\redhat.java-1.54.0-win32-x64\jre\21.0.10-win32-x86_64\bin\VCRUNTIME140.dll
0x00007ffdc5630000 - 0x00007ffdc5648000 	c:\Users\tarte\.vscode\extensions\redhat.java-1.54.0-win32-x64\jre\21.0.10-win32-x86_64\bin\jli.dll
0x00007ffe18b10000 - 0x00007ffe18cd5000 	C:\WINDOWS\System32\USER32.dll
0x00007ffe165c0000 - 0x00007ffe165e7000 	C:\WINDOWS\System32\win32u.dll
0x00007ffe18760000 - 0x00007ffe1878b000 	C:\WINDOWS\System32\GDI32.dll
0x00007ffe00180000 - 0x00007ffe00413000 	C:\WINDOWS\WinSxS\amd64_microsoft.windows.common-controls_6595b64144ccf1df_6.0.26100.8115_none_3e075c82e3354f9c\COMCTL32.dll
0x00007ffe163d0000 - 0x00007ffe164fa000 	C:\WINDOWS\System32\gdi32full.dll
0x00007ffe17cd0000 - 0x00007ffe17d79000 	C:\WINDOWS\System32\msvcrt.dll
0x00007ffe16fd0000 - 0x00007ffe17073000 	C:\WINDOWS\System32\msvcp_win.dll
0x00007ffe18790000 - 0x00007ffe187c2000 	C:\WINDOWS\System32\IMM32.DLL
0x00007ffdfebb0000 - 0x00007ffdfebbc000 	c:\Users\tarte\.vscode\extensions\redhat.java-1.54.0-win32-x64\jre\21.0.10-win32-x86_64\bin\vcruntime140_1.dll
0x00007ffdbb530000 - 0x00007ffdbb5bd000 	c:\Users\tarte\.vscode\extensions\redhat.java-1.54.0-win32-x64\jre\21.0.10-win32-x86_64\bin\msvcp140.dll
0x00007ffd9eca0000 - 0x00007ffd9fa41000 	c:\Users\tarte\.vscode\extensions\redhat.java-1.54.0-win32-x64\jre\21.0.10-win32-x86_64\bin\server\jvm.dll
0x00007ffe195f0000 - 0x00007ffe196a6000 	C:\WINDOWS\System32\ADVAPI32.dll
0x00007ffe179f0000 - 0x00007ffe17a97000 	C:\WINDOWS\System32\sechost.dll
0x00007ffe196b0000 - 0x00007ffe197c8000 	C:\WINDOWS\System32\RPCRT4.dll
0x00007ffe18820000 - 0x00007ffe188a0000 	C:\WINDOWS\System32\WS2_32.dll
0x00007ffe160f0000 - 0x00007ffe1614e000 	C:\WINDOWS\SYSTEM32\POWRPROF.dll
0x00007ffe104f0000 - 0x00007ffe10526000 	C:\WINDOWS\SYSTEM32\WINMM.dll
0x00007ffe10530000 - 0x00007ffe1053b000 	C:\WINDOWS\SYSTEM32\VERSION.dll
0x00007ffe160d0000 - 0x00007ffe160e4000 	C:\WINDOWS\SYSTEM32\UMPDC.dll
0x00007ffe15000000 - 0x00007ffe1501b000 	C:\WINDOWS\SYSTEM32\kernel.appcore.dll
0x00007ffde7b00000 - 0x00007ffde7b0a000 	c:\Users\tarte\.vscode\extensions\redhat.java-1.54.0-win32-x64\jre\21.0.10-win32-x86_64\bin\jimage.dll
0x00007ffe0b170000 - 0x00007ffe0b3b2000 	C:\WINDOWS\SYSTEM32\DBGHELP.DLL
0x00007ffe18dd0000 - 0x00007ffe19152000 	C:\WINDOWS\System32\combase.dll
0x00007ffe18a30000 - 0x00007ffe18b07000 	C:\WINDOWS\System32\OLEAUT32.dll
0x00007ffdf7ba0000 - 0x00007ffdf7bdb000 	C:\WINDOWS\SYSTEM32\dbgcore.DLL
0x00007ffe16320000 - 0x00007ffe163c5000 	C:\WINDOWS\System32\bcryptPrimitives.dll
0x00007ffde78a0000 - 0x00007ffde78af000 	c:\Users\tarte\.vscode\extensions\redhat.java-1.54.0-win32-x64\jre\21.0.10-win32-x86_64\bin\instrument.dll
0x00007ffdc5610000 - 0x00007ffdc5630000 	c:\Users\tarte\.vscode\extensions\redhat.java-1.54.0-win32-x64\jre\21.0.10-win32-x86_64\bin\java.dll
0x00007ffe17e10000 - 0x00007ffe18576000 	C:\WINDOWS\System32\SHELL32.dll
0x00007ffe16e60000 - 0x00007ffe16fca000 	C:\WINDOWS\System32\wintypes.dll
0x00007ffe165f0000 - 0x00007ffe16e55000 	C:\WINDOWS\System32\windows.storage.dll
0x00007ffe188b0000 - 0x00007ffe189a7000 	C:\WINDOWS\System32\SHCORE.dll
0x00007ffe18ce0000 - 0x00007ffe18d46000 	C:\WINDOWS\System32\shlwapi.dll
0x00007ffe161b0000 - 0x00007ffe161d9000 	C:\WINDOWS\SYSTEM32\profapi.dll
0x00007ffdc48b0000 - 0x00007ffdc48c8000 	c:\Users\tarte\.vscode\extensions\redhat.java-1.54.0-win32-x64\jre\21.0.10-win32-x86_64\bin\zip.dll
0x00007ffde7390000 - 0x00007ffde73a0000 	C:\Users\tarte\.vscode\extensions\redhat.java-1.54.0-win32-x64\jre\21.0.10-win32-x86_64\bin\net.dll
0x00007ffe0df00000 - 0x00007ffe0e02d000 	C:\WINDOWS\SYSTEM32\WINHTTP.dll
0x00007ffe15590000 - 0x00007ffe155fc000 	C:\WINDOWS\system32\mswsock.dll
0x00007ffdc05f0000 - 0x00007ffdc0606000 	C:\Users\tarte\.vscode\extensions\redhat.java-1.54.0-win32-x64\jre\21.0.10-win32-x86_64\bin\nio.dll
0x00007ffde6d60000 - 0x00007ffde6d70000 	c:\Users\tarte\.vscode\extensions\redhat.java-1.54.0-win32-x64\jre\21.0.10-win32-x86_64\bin\verify.dll

JVMTI agents:
c:\Users\tarte\.vscode\extensions\redhat.java-1.54.0-win32-x64\lombok\lombok-1.18.39-4050.jar path:c:\Users\tarte\.vscode\extensions\redhat.java-1.54.0-win32-x64\jre\21.0.10-win32-x86_64\bin\instrument.dll, loaded, initialized, instrumentlib options:none

dbghelp: loaded successfully - version: 4.0.5 - missing functions: none
symbol engine: initialized successfully - sym options: 0x614 - pdb path: .;c:\Users\tarte\.vscode\extensions\redhat.java-1.54.0-win32-x64\jre\21.0.10-win32-x86_64\bin;C:\WINDOWS\SYSTEM32;C:\WINDOWS\WinSxS\amd64_microsoft.windows.common-controls_6595b64144ccf1df_6.0.26100.8115_none_3e075c82e3354f9c;c:\Users\tarte\.vscode\extensions\redhat.java-1.54.0-win32-x64\jre\21.0.10-win32-x86_64\bin\server

VM Arguments:
jvm_args: --add-modules=ALL-SYSTEM --add-opens=java.base/java.util=ALL-UNNAMED --add-opens=java.base/java.lang=ALL-UNNAMED --add-opens=java.base/sun.nio.fs=ALL-UNNAMED -Declipse.application=org.eclipse.jdt.ls.core.id1 -Dosgi.bundles.defaultStartLevel=4 -Declipse.product=org.eclipse.jdt.ls.core.product -Djava.import.generatesMetadataFilesAtProjectRoot=false -DDetectVMInstallationsJob.disabled=true -Dfile.encoding=utf8 -XX:+UseParallelGC -XX:GCTimeRatio=4 -XX:AdaptiveSizePolicyWeight=90 -Dsun.zip.disableMemoryMapping=true -Xmx2G -Xms100m -Xlog:disable -javaagent:c:\Users\tarte\.vscode\extensions\redhat.java-1.54.0-win32-x64\lombok\lombok-1.18.39-4050.jar 
java_command: c:\Users\tarte\.vscode\extensions\redhat.java-1.54.0-win32-x64\server\plugins\org.eclipse.equinox.launcher_1.7.100.v20251111-0406.jar -configuration c:\Users\tarte\AppData\Roaming\Code\User\globalStorage\redhat.java\1.54.0\config_ss_win -data c:\Users\tarte\AppData\Roaming\Code\User\workspaceStorage\82c2c50380e0da7712145e43f242e1f7\redhat.java\ss_ws --pipe=\\.\pipe\lsp-e235d66e2e4d254eac2f4dae0f2f1af0-sock
java_class_path (initial): c:\Users\tarte\.vscode\extensions\redhat.java-1.54.0-win32-x64\server\plugins\org.eclipse.equinox.launcher_1.7.100.v20251111-0406.jar
Launcher Type: SUN_STANDARD

[Global flags]
    uintx AdaptiveSizePolicyWeight                 = 90                                        {product} {command line}
     intx CICompilerCount                          = 3                                         {product} {ergonomic}
    uintx GCTimeRatio                              = 4                                         {product} {command line}
   size_t InitialHeapSize                          = 104857600                                 {product} {command line}
   size_t MaxHeapSize                              = 2147483648                                {product} {command line}
   size_t MaxNewSize                               = 715653120                                 {product} {ergonomic}
   size_t MinHeapDeltaBytes                        = 524288                                    {product} {ergonomic}
   size_t MinHeapSize                              = 104857600                                 {product} {command line}
   size_t NewSize                                  = 34603008                                  {product} {ergonomic}
    uintx NonNMethodCodeHeapSize                   = 5832780                                {pd product} {ergonomic}
    uintx NonProfiledCodeHeapSize                  = 122912730                              {pd product} {ergonomic}
   size_t OldSize                                  = 70254592                                  {product} {ergonomic}
    uintx ProfiledCodeHeapSize                     = 122912730                              {pd product} {ergonomic}
    uintx ReservedCodeCacheSize                    = 251658240                              {pd product} {ergonomic}
     bool SegmentedCodeCache                       = true                                      {product} {ergonomic}
   size_t SoftMaxHeapSize                          = 2147483648                             {manageable} {ergonomic}
     bool UseCompressedOops                        = true                           {product lp64_product} {ergonomic}
     bool UseLargePagesIndividualAllocation        = false                                  {pd product} {ergonomic}
     bool UseParallelGC                            = true                                      {product} {command line}

Logging:
Log output configuration:
 #0: stdout all=off uptime,level,tags foldmultilines=false
 #1: stderr all=off uptime,level,tags foldmultilines=false

Release file:
JAVA_VERSION="21.0.10" 
MODULES="java.base java.compiler java.datatransfer java.xml java.prefs java.desktop java.instrument java.logging java.management java.security.sasl java.naming java.rmi java.management.rmi java.net.http java.scripting java.security.jgss java.transaction.xa java.sql java.sql.rowset java.xml.crypto java.se java.smartcardio jdk.accessibility jdk.internal.jvmstat jdk.attach jdk.charsets jdk.internal.opt jdk.zipfs jdk.compiler jdk.crypto.ec jdk.crypto.cryptoki jdk.crypto.mscapi jdk.dynalink jdk.internal.ed jdk.editpad jdk.hotspot.agent jdk.httpserver jdk.internal.le jdk.internal.vm.ci jdk.internal.vm.compiler jdk.internal.vm.compiler.management jdk.jartool jdk.javadoc jdk.jcmd jdk.management jdk.management.agent jdk.jconsole jdk.jdeps jdk.jdwp.agent jdk.jdi jdk.jfr jdk.jshell jdk.jsobject jdk.jstatd jdk.localedata jdk.management.jfr jdk.naming.dns jdk.naming.rmi jdk.net jdk.nio.mapmode jdk.random jdk.sctp jdk.security.auth jdk.security.jgss jdk.unsupported jdk.unsupported.desktop jdk.xml.dom" 

Environment Variables:
JAVA_HOME=C:\Program Files\Eclipse Adoptium\jdk-17
PATH=C:\Users\tarte\AppData\Local\Programs\Microsoft VS Code;C:\Program Files\Java\jdk-21\bin;C:\Program Files\Common Files\Oracle\Java\javapath;C:\windows\system32;D:\python\;C:\windows;C:\windows\System32\Wbem;C:\windows\System32\WindowsPowerShell\v1.0\;C:\windows\System32\OpenSSH\;C:\Program Files\Azure Data Studio\bin;C:\WINDOWS\system32;C:\WINDOWS;C:\WINDOWS\System32\Wbem;C:\WINDOWS\System32\WindowsPowerShell\v1.0\;C:\WINDOWS\System32\OpenSSH\;C:\Program Files\Git\cmd;C:\Program Files (x86)\dotnet\;C:\Program Files\MySQL\MySQL Server 8.0\bin;C:\Program Files\java\mysql-connector-j-9.1.0.jar;C:\WINDOWS\system32;C:\WINDOWS;C:\WINDOWS\System32\Wbem;C:\WINDOWS\System32\WindowsPowerShell\v1.0\;C:\WINDOWS\System32\OpenSSH\;D:\node;D:\python\Scripts\;C:\Users\tarte\AppData\Local\Programs\Python\Launcher\;C:\Program Files\java\jdk-22\bin;C:\Program Files\MySQL\MySQL Shell 8.0\bin\;C:\Users\tarte\AppData\Local\Microsoft\WindowsApps;C:\Program Files\Azure Data Studio\bin;C:\msys64\mingw64;C:\MinGW\bin;D:\PyCharm Community Edition 2024.3.3\bin;;C:\php-8.2.2;D:\study\latex\miktex\bin\x64\;C:\Users\tarte\AppData\Local\Programs\Microsoft VS Code\bin;C:\Users\tarte\AppData\Roaming\npm;D:\python;
USERNAME=Dnyaneshawari
OS=Windows_NT
PROCESSOR_IDENTIFIER=AMD64 Family 23 Model 96 Stepping 1, AuthenticAMD
TMP=C:\Users\tarte\AppData\Local\Temp
TEMP=C:\Users\tarte\AppData\Local\Temp




Periodic native trim disabled

---------------  S Y S T E M  ---------------

OS:
 Windows 11 , 64 bit Build 26100 (10.0.26100.8115)
OS uptime: 1 days 13:36 hours
Hyper-V role detected

CPU: total 6 (initial active 6) (6 cores per cpu, 1 threads per core) family 23 model 96 stepping 1 microcode 0x8600106, cx8, cmov, fxsr, mmx, 3dnowpref, sse, sse2, sse3, ssse3, sse4a, sse4.1, sse4.2, popcnt, lzcnt, tsc, tscinvbit, avx, avx2, aes, clmul, bmi1, bmi2, adx, sha, fma, vzeroupper, clflush, clflushopt, hv, rdtscp, rdpid, f16c
Processor Information for the first 6 processors :
  Max Mhz: 2375, Current Mhz: 2375, Mhz Limit: 2375

Memory: 4k page, system-wide physical 7541M (688M free)
TotalPageFile size 17788M (AvailPageFile size 0M)
current process WorkingSet (physical memory assigned to process): 96M, peak: 98M
current process commit charge ("private bytes"): 236M, peak: 237M

vm_info: OpenJDK 64-Bit Server VM (21.0.10+7-LTS) for windows-amd64 JRE (21.0.10+7-LTS), built on 2026-01-20T00:00:00Z by "admin" with MS VC++ 17.12 (VS2022)

END.
